[
    {
        "message": "Foo",
        "type": "info",
        "group": "Foo Group",
        "context_json": "[]",
        "date": "snapshot_normalized"
    },
    {
        "message": "Foo",
        "type": "critical",
        "group": "Foo Group",
        "context_json": "[]",
        "date": "snapshot_normalized"
    }
]
