[
    {
        "message": "Foo",
        "log_type": "info",
        "log_group": ""
    }
]
