[
    {
        "message": "Foo",
        "context_json": "{\"foo\":\"bar\"}",
        "log_type": "info",
        "log_group": ""
    }
]
